// Jest Snapshot v1, https://goo.gl/fbAQLP

exports[`It renders Styled Main App 1`] = `ReactWrapper {}`;

exports[`It renders Styled Standard Main 1`] = `ReactWrapper {}`;
