// Jest Snapshot v1, https://goo.gl/fbAQLP

exports[`It renders Styled Currency Span 1`] = `ReactWrapper {}`;

exports[`It renders Styled Half border Wrapper 1`] = `ReactWrapper {}`;

exports[`It renders Styled Price Span 1`] = `ReactWrapper {}`;

exports[`It renders Styled Product Code Paragraph 1`] = `ReactWrapper {}`;

exports[`It renders Styled Standard Paragraph 1`] = `ReactWrapper {}`;

exports[`It renders Styled Standard Span 1`] = `ReactWrapper {}`;

exports[`It renders Styled Summary Price Span 1`] = `ReactWrapper {}`;

exports[`It renders Styled Summary Total Cost Span 1`] = `ReactWrapper {}`;

exports[`It renders Styled Summary Total Price Span 1`] = `ReactWrapper {}`;

exports[`It renders Styled Summary Total Price Span 2`] = `ReactWrapper {}`;
