// Jest Snapshot v1, https://goo.gl/fbAQLP

exports[`It renders Styled Standard Aside 1`] = `ReactWrapper {}`;

exports[`It renders Styled Summary Aside 1`] = `ReactWrapper {}`;
