// Jest Snapshot v1, https://goo.gl/fbAQLP

exports[`Main Component:  It renders Main component 1`] = `ReactWrapper {}`;
