// Jest Snapshot v1, https://goo.gl/fbAQLP

exports[`It renders Styled  Image 1`] = `ReactWrapper {}`;

exports[`It renders Styled Product Image Wrapper 1`] = `ReactWrapper {}`;

exports[`It renders Styled Standard Image Wrapper 1`] = `ReactWrapper {}`;
