// Jest Snapshot v1, https://goo.gl/fbAQLP

exports[`Section Component:  It renders Section component 1`] = `ReactWrapper {}`;
