// Jest Snapshot v1, https://goo.gl/fbAQLP

exports[`It renders Styled Standard Paragraph 1`] = `ReactWrapper {}`;

exports[`It renders Styled Standard Span 1`] = `ReactWrapper {}`;
