// Jest Snapshot v1, https://goo.gl/fbAQLP

exports[`It renders Styled Main Header 1`] = `ReactWrapper {}`;

exports[`It renders Styled Product Header 1`] = `ReactWrapper {}`;

exports[`It renders Styled Standard Big Header 1`] = `ReactWrapper {}`;

exports[`It renders Styled Standard Medium Header 1`] = `ReactWrapper {}`;
