// Jest Snapshot v1, https://goo.gl/fbAQLP

exports[`It renders Styled Standard Column 1`] = `ReactWrapper {}`;
