// Jest Snapshot v1, https://goo.gl/fbAQLP

exports[`It renders Styled Products List 1`] = `ReactWrapper {}`;

exports[`It renders Styled Products List 2`] = `ReactWrapper {}`;

exports[`It renders Styled Standard List 1`] = `ReactWrapper {}`;
